// Jest Snapshot v1, https://goo.gl/fbAQLP

exports[`<App /> should render and match the snapshot 1`] = `
<ForwardRef>
  <HelmetWrapper
    defaultTitle="Word List"
    defer={true}
    encodeSpecialCharacters={true}
    titleTemplate="Word List"
  >
    <meta
      content="Create a list of words"
      name="description"
    />
  </HelmetWrapper>
  <Switch>
    <Route
      component={[Function]}
      exact={true}
      path="/"
    />
    <Route
      component={[Function]}
      exact={true}
      path="/add"
    />
    <Route
      component={[Function]}
      path=""
    />
  </Switch>
  <GlobalStyleComponent />
</ForwardRef>
`;
